Role: human
Content: මගේ ගිය මාසේ බිල කීයද බන්
----------------------------------------
Role: ai
Content: 
Tool Calls: [{'name': 'get_data_usage', 'args': {'phone_number': '0112895900'}, 'id': 'call_EFIpGzENaX0YEK1xZDqUQ8a0', 'type': 'tool_call'}]
----------------------------------------
Role: tool
Content: {"phone_number": "0112895900", "total_data": "100.0 GB", "used_data": "53.29 GB", "remaining_data": "46.71 GB", "status": "Quota: Active | Bills: Active (Due: LKR 10390.18)", "nxc_balance": 1294, "billing_history": [{"month": "February", "year": 2026, "amount_billed": 3746.05, "amount_paid": 3746.05, "arrears": 0.0}, {"month": "March", "year": 2026, "amount_billed": 3258.7799999999997, "amount_paid": 3258.7799999999997, "arrears": 0.0}, {"month": "April", "year": 2026, "amount_billed": 3496.32, "amount_paid": 3496.32, "arrears": 0.0}]}
----------------------------------------
Role: ai
Content: ඔබගේ ගිය මාසයේ බිල ප්‍රමාණය LKR 10,390.18 වේ. 

ඔබගේ ගිණුමේ තත්ත්වය: 
- **බිල**: Active
- **NXC Coin**: 1,294

ඔබට මෙම NXC Coins භාවිතා කරමින් බිලට වට්ටම් ලබා ගන්න පුළුවන්. 
Tool Calls: []
----------------------------------------
